C:\Users\HP\OneDrive\Desktop\JobPortal\src\main\java\com\jobportal\DBUtil.java
C:\Users\HP\OneDrive\Desktop\JobPortal\src\main\java\com\jobportal\servlet\ApplyJobServlet.java
C:\Users\HP\OneDrive\Desktop\JobPortal\src\main\java\com\jobportal\servlet\DeleteJobServlet.java
C:\Users\HP\OneDrive\Desktop\JobPortal\src\main\java\com\jobportal\servlet\DeleteUserServlet.java
C:\Users\HP\OneDrive\Desktop\JobPortal\src\main\java\com\jobportal\servlet\JobPostServlet.java
C:\Users\HP\OneDrive\Desktop\JobPortal\src\main\java\com\jobportal\servlet\LoginServlet.java
C:\Users\HP\OneDrive\Desktop\JobPortal\src\main\java\com\jobportal\servlet\LogoutServlet.java
C:\Users\HP\OneDrive\Desktop\JobPortal\src\main\java\com\jobportal\servlet\ManageJobsServlet.java
C:\Users\HP\OneDrive\Desktop\JobPortal\src\main\java\com\jobportal\servlet\PostJobServlet.java
C:\Users\HP\OneDrive\Desktop\JobPortal\src\main\java\com\jobportal\servlet\RegisterServlet.java
C:\Users\HP\OneDrive\Desktop\JobPortal\src\main\java\com\jobportal\servlet\UpdateApplicationServlet.java
C:\Users\HP\OneDrive\Desktop\JobPortal\src\main\java\com\jobportal\servlet\UpdateUserServlet.java
C:\Users\HP\OneDrive\Desktop\JobPortal\src\main\java\com\jobportal\servlet\ViewAllApplicationsServlet.java
C:\Users\HP\OneDrive\Desktop\JobPortal\src\main\java\com\jobportal\servlet\ViewAllUsersServlet.java
C:\Users\HP\OneDrive\Desktop\JobPortal\src\main\java\com\jobportal\servlet\ViewApplicationsRecruiterServlet.java
C:\Users\HP\OneDrive\Desktop\JobPortal\src\main\java\com\jobportal\servlet\ViewApplicationsUserServlet.java
C:\Users\HP\OneDrive\Desktop\JobPortal\src\main\java\com\jobportal\servlet\ViewJobsServlet.java
C:\Users\HP\OneDrive\Desktop\JobPortal\src\main\java\com\jobportal\servlet\ViewJobsUserServlet.java
